// Jest Snapshot v1, https://goo.gl/fbAQLP

exports[`should render request header correctly 1`] = `
<div
  className="RequestsPanelHeader"
>
  <div
    className="NewRequests"
  >
    <div>
      <span
        className="requests"
      >
        REQUESTS
      </span>
    </div>
    <div>
      <button
        className="NewRequestButton"
        type="button"
      >
        <span
          className="NewRequestButtonText"
        >
          New Request
        </span>
      </button>
    </div>
  </div>
  <div
    className="OpenRequests"
  >
    <div
      className="OpenRequestsButtonSection"
    >
      <button
        className="all-button"
        type="button"
      >
        <span
          className="all"
        >
          All
        </span>
      </button>
      <button
        className="open-request-button"
        type="button"
      >
        <span
          className="open-requests"
        >
          Open Requests
        </span>
        <span
          className="oval-4"
        >
          <p
            className="open-request-number"
          >
            3
          </p>
        </span>
      </button>
      <button
        className="past-request-button"
        type="button"
      >
        <span
          className="past-requests"
        >
          Past Requests
        </span>
      </button>
    </div>
    <div
      className="ItemsPerPageSection"
    >
      <div
        className="ItemsPerPageTextSection"
      >
        <span
          className="ItemsPerPageText"
        >
          Items per page
        </span>
      </div>
      <div
        className="divider"
      />
      <div
        className="ItemsPerPagePagination"
      >
        <div>
          <span
            className="PaginateCounter"
          >
            10
          </span>
        </div>
        <div
          className="PaginatorDropdown"
        >
          <span>
            <img
              alt="Andela Logo"
              src="Icon.svg"
            />
          </span>
        </div>
      </div>
    </div>
  </div>
</div>
`;
