// Jest Snapshot v1, https://goo.gl/fbAQLP

exports[`Render NavBar component should match snapshot 1`] = `
<header
  className="mdl-layout__header"
>
  <div
    className="mdl-layout__header-row"
  >
    <div
      className="nav-size logo-icons"
    >
      <span
        className="logo-icons"
      >
        <img
          alt="Andela Logo"
          src="travela.svg"
        />
      </span>
    </div>
    <div
      className="mdl-layout-spacer"
    />
    <div
      className="search-size"
    >
      <SearchBar />
    </div>
    <nav
      className="mdl-navigation"
    >
      <div
        className="nav-size"
        id="notification"
        onClick={[Function]}
        role="presentation"
      >
        <span
          className="material-icons mdl-badge"
          data-badge="12"
        >
          <img
            alt="Notification"
            className="navbar-notification"
            data-badge="10"
            src="notification.svg"
          />
        </span>
      </div>
      <div
        className="user-icon nav-size"
      >
        <div>
          <span
            className="mdl-icons"
          >
            <ImageLink
              altText="Andela Logo"
              imageClass="mdl-upic"
              imageSrc="avatar"
            />
            <span
              className="text-size"
            >
              Silm Momoh
            </span>
          </span>
          <span>
            <Button
              altText="Dropdown Icon"
              buttonClass="mdl-button mdl-js-button mdl-button--icon mdl-Icons"
              buttonId="demo-menu-lower-right"
              buttonType="button"
              imageClass="mdl-Icon"
              imageSrc="icon.svg"
              text="Login to Get Started"
            />
            <div
              className="mdl-list"
            >
              <ul
                className="mdl-menu mdl-menu--bottom-right mdl-js-menu mdl-js-ripple-effect"
                htmlFor="demo-menu-lower-right"
              >
                <li
                  className="mdl-menu__item"
                >
                  Logout
                </li>
              </ul>
            </div>
          </span>
        </div>
      </div>
    </nav>
  </div>
</header>
`;
